// Jest Snapshot v1, https://goo.gl/fbAQLP

exports[`<NavigationHandler /> should render as expected 1`] = `
<Connect(NavigationHandler)>
  <div>
    Some content
  </div>
</Connect(NavigationHandler)>
`;
